// Jest Snapshot v1, https://goo.gl/fbAQLP

exports[`Check home function Home function renders the content 1`] = `
<div
  className="home-container"
>
  <h2
    className="home-title"
  >
    Welcome to our page!
  </h2>
  <p
    className="welcome-1"
  >
    We will always have STEM with us. Some things will drop out of the public eye and go away, but there will always be science, engineering, and technology. And there will always, always be mathematics.
    <br />
    <br />
    <strong>
      — Katherine Johnson, African-American mathematician
    </strong>
  </p>
  <p
    className="welcome-2"
  >
    Pure mathematics is the world’s best game. It is more absorbing than chess, more of a gamble than poker, and lasts longer than Monopoly. It’s free. It can be played anywhere — Archimedes did it in a bathtub.
    <br />
    <br />
    <strong>
      —Richard J. Trudeau, mathematician
    </strong>
  </p>
</div>
`;
